# Find a path with Dijkstra's algorithm when
# one node is missing

created graph simpleGraph

added node A to simpleGraph
added node B to simpleGraph
added node C to simpleGraph

added edge 10.000 from A to B in simpleGraph
added edge 1.000 from A to C in simpleGraph
added edge 1.000 from C to B in simpleGraph

unknown: D
unknown: D
unknown: D
unknown: E